為了滿足檔案參照(符號)而包含了歸檔成員

./libelibc.a(crt0.o)          (crt0)
./libelibc.a(stdio.o)         ocr_1.o (printf)
./libelibc.a(stdlib.o)        ocr_1.o (exit)
./libelibc.a(string.o)        neuronet.o (memcpy)
./libelibc.a(time.o)          ocr_1.o (clock)
./libelibc.a(uart.o)          ./libelibc.a(stdio.o) (inbyte)
./libelibc.a(fat32.o)         file_read.o (read_file)
./libelibc.a(sd.o)            ./libelibc.a(fat32.o) (init_sd)
./libelibc.a(spi.o)           ./libelibc.a(sd.o) (spi_init)
/opt/riscv/lib/gcc/riscv32-unknown-elf/12.2.0/libgcc.a(_udivdi3.o)
                              ./libelibc.a(stdio.o) (__udivdi3)
/opt/riscv/lib/gcc/riscv32-unknown-elf/12.2.0/libgcc.a(adddf3.o)
                              ./libelibc.a(stdio.o) (__adddf3)
/opt/riscv/lib/gcc/riscv32-unknown-elf/12.2.0/libgcc.a(divdf3.o)
                              ./libelibc.a(stdio.o) (__divdf3)
/opt/riscv/lib/gcc/riscv32-unknown-elf/12.2.0/libgcc.a(gedf2.o)
                              file_read.o (__gedf2)
/opt/riscv/lib/gcc/riscv32-unknown-elf/12.2.0/libgcc.a(ledf2.o)
                              ./libelibc.a(stdio.o) (__ltdf2)
/opt/riscv/lib/gcc/riscv32-unknown-elf/12.2.0/libgcc.a(muldf3.o)
                              ./libelibc.a(stdio.o) (__muldf3)
/opt/riscv/lib/gcc/riscv32-unknown-elf/12.2.0/libgcc.a(subdf3.o)
                              ./libelibc.a(stdio.o) (__subdf3)
/opt/riscv/lib/gcc/riscv32-unknown-elf/12.2.0/libgcc.a(fixunsdfsi.o)
                              ./libelibc.a(stdio.o) (__fixunsdfsi)
/opt/riscv/lib/gcc/riscv32-unknown-elf/12.2.0/libgcc.a(floatunsidf.o)
                              ./libelibc.a(stdio.o) (__floatunsidf)
/opt/riscv/lib/gcc/riscv32-unknown-elf/12.2.0/libgcc.a(fixunsdfdi.o)
                              ./libelibc.a(stdio.o) (__fixunsdfdi)
/opt/riscv/lib/gcc/riscv32-unknown-elf/12.2.0/libgcc.a(addsf3.o)
                              neuronet.o (__addsf3)
/opt/riscv/lib/gcc/riscv32-unknown-elf/12.2.0/libgcc.a(divsf3.o)
                              ocr_1.o (__divsf3)
/opt/riscv/lib/gcc/riscv32-unknown-elf/12.2.0/libgcc.a(gesf2.o)
                              neuronet.o (__gtsf2)
/opt/riscv/lib/gcc/riscv32-unknown-elf/12.2.0/libgcc.a(lesf2.o)
                              neuronet.o (__ltsf2)
/opt/riscv/lib/gcc/riscv32-unknown-elf/12.2.0/libgcc.a(mulsf3.o)
                              ocr_1.o (__mulsf3)
/opt/riscv/lib/gcc/riscv32-unknown-elf/12.2.0/libgcc.a(subsf3.o)
                              file_read.o (__subsf3)
/opt/riscv/lib/gcc/riscv32-unknown-elf/12.2.0/libgcc.a(fixunssfsi.o)
                              file_read.o (__fixunssfsi)
/opt/riscv/lib/gcc/riscv32-unknown-elf/12.2.0/libgcc.a(floatsisf.o)
                              ocr_1.o (__floatsisf)
/opt/riscv/lib/gcc/riscv32-unknown-elf/12.2.0/libgcc.a(floatunsisf.o)
                              ocr_1.o (__floatunsisf)
/opt/riscv/lib/gcc/riscv32-unknown-elf/12.2.0/libgcc.a(extendsfdf2.o)
                              ocr_1.o (__extendsfdf2)
/opt/riscv/lib/gcc/riscv32-unknown-elf/12.2.0/libgcc.a(_ashldi3.o)
                              /opt/riscv/lib/gcc/riscv32-unknown-elf/12.2.0/libgcc.a(fixunsdfdi.o) (__ashldi3)
/opt/riscv/lib/gcc/riscv32-unknown-elf/12.2.0/libgcc.a(_clz.o)
                              /opt/riscv/lib/gcc/riscv32-unknown-elf/12.2.0/libgcc.a(_udivdi3.o) (__clz_tab)
/opt/riscv/lib/gcc/riscv32-unknown-elf/12.2.0/libgcc.a(_clzsi2.o)
                              /opt/riscv/lib/gcc/riscv32-unknown-elf/12.2.0/libgcc.a(adddf3.o) (__clzsi2)

記憶體配置

名稱           來源             長度             屬性
code_ram         0x0000000080041000 0x0000000000010000 xr !rw
rodata_ram       0x0000000080051000 0x0000000000030000 rw !x
global_data_ram  0x0000000080151000 0x0000000000010000 rw !x
heap_data_ram    0x0000000080161000 0x0000000000100000 rw !x
private_data_ram 0x0000000080501000 0x0000000000100000 rw !x
*default*        0x0000000000000000 0xffffffffffffffff

鏈結器命令稿和記憶體對映

                0x0000000000000800                __stack_size = 0x800
                0x00000000000f0000                __heap_size = 0xf0000

.text           0x0000000080041000     0x6f64
 *(.text*)
 .text          0x0000000080041000        0x0 ocr_1.o
 .text.startup  0x0000000080041000      0x3ac ocr_1.o
                0x0000000080041000                main
 .text          0x00000000800413ac      0x698 neuronet.o
                0x00000000800413ac                atomic_or
                0x00000000800413f0                acquire
                0x0000000080041428                release
                0x0000000080041450                initialize
                0x0000000080041468                min
                0x000000008004147c                neuronet_init
                0x00000000800416bc                neuronet_load
                0x00000000800416e8                neuronet_free
                0x0000000080041724                neuronet_eval
                0x0000000080041a10                relu
 .text          0x0000000080041a44      0x810 file_read.o
                0x0000000080041a44                lerp
                0x0000000080041a8c                sample
                0x0000000080041cc0                width_normalize
                0x0000000080041f3c                read_images
                0x00000000800420f8                read_labels
                0x0000000080042178                read_weights
 .text          0x0000000080042254       0x1c ./libelibc.a(crt0.o)
                0x0000000080042254                crt0
 .text          0x0000000080042270      0xa8c ./libelibc.a(stdio.o)
                0x0000000080042270                getchar
                0x0000000080042288                putchar
                0x00000000800422b4                fputs
                0x0000000080042344                fgets
                0x000000008004241c                putd
                0x000000008004257c                putx
                0x0000000080042698                putld
                0x00000000800428fc                putf
                0x0000000080042ab8                printf
 .text          0x0000000080042cfc      0x2c8 ./libelibc.a(stdlib.o)
                0x0000000080042cfc                exit
                0x0000000080042d48                malloc
                0x0000000080042e70                free
                0x0000000080042e9c                calloc
                0x0000000080042ee0                atoi
                0x0000000080042f78                abs
                0x0000000080042f88                srand
                0x0000000080042f94                rand
 .text          0x0000000080042fc4      0x4d0 ./libelibc.a(string.o)
                0x0000000080042fc4                strcpy
                0x0000000080043054                strcmp
                0x00000000800430f4                strncpy
                0x00000000800431ac                strncmp
                0x0000000080043278                memcpy
                0x00000000800432fc                memmove
                0x00000000800433b4                memset
                0x00000000800433d4                strlen
                0x00000000800433fc                strcat
                0x0000000080043440                strncat
 .text          0x0000000080043494       0xb4 ./libelibc.a(time.o)
                0x0000000080043494                clock
 .text          0x0000000080043548       0x58 ./libelibc.a(uart.o)
                0x0000000080043548                inbyte
                0x0000000080043564                outbyte
 .text          0x00000000800435a0      0x6f8 ./libelibc.a(fat32.o)
                0x00000000800435a0                copy_file
                0x0000000080043794                get_next_cluster
                0x000000008004381c                get_partition_first_lba
                0x0000000080043988                long2short
                0x0000000080043a84                read_file
 .text          0x0000000080043c98      0x768 ./libelibc.a(sd.o)
                0x0000000080043c98                sd_dummy
                0x0000000080043ca0                sd_cmd
                0x0000000080043d38                print_status
                0x0000000080043d3c                sd_cmd0
                0x0000000080043db8                sd_cmd8
                0x0000000080043e64                sd_cmd55
                0x0000000080043ea4                sd_acmd41
                0x0000000080043f08                init_sd
                0x0000000080043fd8                crc7
                0x0000000080044000                crc16
                0x0000000080044054                sd_copy
                0x00000000800441e8                sd_write
 .text          0x0000000080044400      0x170 ./libelibc.a(spi.o)
                0x0000000080044400                write_reg
                0x0000000080044408                read_reg
                0x0000000080044410                spi_init
                0x0000000080044454                spi_txrx
                0x00000000800444bc                spi_write_bytes
 .text          0x0000000080044570      0x430 /opt/riscv/lib/gcc/riscv32-unknown-elf/12.2.0/libgcc.a(_udivdi3.o)
                0x0000000080044570                __udivdi3
 .text          0x00000000800449a0      0x7ec /opt/riscv/lib/gcc/riscv32-unknown-elf/12.2.0/libgcc.a(adddf3.o)
                0x00000000800449a0                __adddf3
 .text          0x000000008004518c      0x6c8 /opt/riscv/lib/gcc/riscv32-unknown-elf/12.2.0/libgcc.a(divdf3.o)
                0x000000008004518c                __divdf3
 .text          0x0000000080045854      0x110 /opt/riscv/lib/gcc/riscv32-unknown-elf/12.2.0/libgcc.a(gedf2.o)
                0x0000000080045854                __gtdf2
                0x0000000080045854                __gedf2
 .text          0x0000000080045964      0x110 /opt/riscv/lib/gcc/riscv32-unknown-elf/12.2.0/libgcc.a(ledf2.o)
                0x0000000080045964                __ltdf2
                0x0000000080045964                __ledf2
 .text          0x0000000080045a74      0x5fc /opt/riscv/lib/gcc/riscv32-unknown-elf/12.2.0/libgcc.a(muldf3.o)
                0x0000000080045a74                __muldf3
 .text          0x0000000080046070      0x854 /opt/riscv/lib/gcc/riscv32-unknown-elf/12.2.0/libgcc.a(subdf3.o)
                0x0000000080046070                __subdf3
 .text          0x00000000800468c4       0x78 /opt/riscv/lib/gcc/riscv32-unknown-elf/12.2.0/libgcc.a(fixunsdfsi.o)
                0x00000000800468c4                __fixunsdfsi
 .text          0x000000008004693c       0x80 /opt/riscv/lib/gcc/riscv32-unknown-elf/12.2.0/libgcc.a(floatunsidf.o)
                0x000000008004693c                __floatunsidf
 .text          0x00000000800469bc       0xa4 /opt/riscv/lib/gcc/riscv32-unknown-elf/12.2.0/libgcc.a(fixunsdfdi.o)
                0x00000000800469bc                __fixunsdfdi
 .text          0x0000000080046a60      0x470 /opt/riscv/lib/gcc/riscv32-unknown-elf/12.2.0/libgcc.a(addsf3.o)
                0x0000000080046a60                __addsf3
 .text          0x0000000080046ed0      0x330 /opt/riscv/lib/gcc/riscv32-unknown-elf/12.2.0/libgcc.a(divsf3.o)
                0x0000000080046ed0                __divsf3
 .text          0x0000000080047200       0xdc /opt/riscv/lib/gcc/riscv32-unknown-elf/12.2.0/libgcc.a(gesf2.o)
                0x0000000080047200                __gtsf2
                0x0000000080047200                __gesf2
 .text          0x00000000800472dc       0xdc /opt/riscv/lib/gcc/riscv32-unknown-elf/12.2.0/libgcc.a(lesf2.o)
                0x00000000800472dc                __lesf2
                0x00000000800472dc                __ltsf2
 .text          0x00000000800473b8      0x334 /opt/riscv/lib/gcc/riscv32-unknown-elf/12.2.0/libgcc.a(mulsf3.o)
                0x00000000800473b8                __mulsf3
 .text          0x00000000800476ec      0x4bc /opt/riscv/lib/gcc/riscv32-unknown-elf/12.2.0/libgcc.a(subsf3.o)
                0x00000000800476ec                __subsf3
 .text          0x0000000080047ba8       0x60 /opt/riscv/lib/gcc/riscv32-unknown-elf/12.2.0/libgcc.a(fixunssfsi.o)
                0x0000000080047ba8                __fixunssfsi
 .text          0x0000000080047c08      0x114 /opt/riscv/lib/gcc/riscv32-unknown-elf/12.2.0/libgcc.a(floatsisf.o)
                0x0000000080047c08                __floatsisf
 .text          0x0000000080047d1c       0xe8 /opt/riscv/lib/gcc/riscv32-unknown-elf/12.2.0/libgcc.a(floatunsisf.o)
                0x0000000080047d1c                __floatunsisf
 .text          0x0000000080047e04       0xdc /opt/riscv/lib/gcc/riscv32-unknown-elf/12.2.0/libgcc.a(extendsfdf2.o)
                0x0000000080047e04                __extendsfdf2
 .text          0x0000000080047ee0       0x38 /opt/riscv/lib/gcc/riscv32-unknown-elf/12.2.0/libgcc.a(_ashldi3.o)
                0x0000000080047ee0                __ashldi3
 .text          0x0000000080047f18        0x0 /opt/riscv/lib/gcc/riscv32-unknown-elf/12.2.0/libgcc.a(_clz.o)
 .text          0x0000000080047f18       0x4c /opt/riscv/lib/gcc/riscv32-unknown-elf/12.2.0/libgcc.a(_clzsi2.o)
                0x0000000080047f18                __clzsi2

.rodata         0x0000000080051000      0x67c
 *(.rodata*)
 .rodata.str1.4
                0x0000000080051000      0x194 ocr_1.o
 .rodata        0x0000000080051194       0x40 neuronet.o
 .rodata.str1.4
                0x00000000800511d4       0x62 file_read.o
 *fill*         0x0000000080051236        0x2 
 .rodata.str1.4
                0x0000000080051238       0x7d ./libelibc.a(stdio.o)
 *fill*         0x00000000800512b5        0x3 
 .rodata        0x00000000800512b8       0x84 ./libelibc.a(stdio.o)
 .rodata        0x000000008005133c       0xa8 ./libelibc.a(stdlib.o)
 .rodata.str1.4
                0x00000000800513e4       0xe3 ./libelibc.a(fat32.o)
 *fill*         0x00000000800514c7        0x1 
 .rodata.str1.4
                0x00000000800514c8       0x3a ./libelibc.a(sd.o)
 *fill*         0x0000000080051502        0x2 
 .rodata        0x0000000080051504       0x3c /opt/riscv/lib/gcc/riscv32-unknown-elf/12.2.0/libgcc.a(divdf3.o)
 .rodata        0x0000000080051540       0x3c /opt/riscv/lib/gcc/riscv32-unknown-elf/12.2.0/libgcc.a(divsf3.o)
 .rodata        0x000000008005157c      0x100 /opt/riscv/lib/gcc/riscv32-unknown-elf/12.2.0/libgcc.a(_clz.o)
                0x000000008005157c                __clz_tab

.srodata.cst4   0x000000008005167c        0x8
 .srodata.cst4  0x000000008005167c        0x4 ocr_1.o
 .srodata.cst4  0x0000000080051680        0x4 file_read.o

.srodata.cst8   0x0000000080051688       0x28
 .srodata.cst8  0x0000000080051688        0x8 file_read.o
 .srodata.cst8  0x0000000080051690       0x20 ./libelibc.a(stdio.o)

.srodata        0x00000000800516b0        0x8
 .srodata       0x00000000800516b0        0x8 ./libelibc.a(stdlib.o)

.eh_frame       0x00000000800516b8       0x28
 .eh_frame      0x00000000800516b8       0x28 /opt/riscv/lib/gcc/riscv32-unknown-elf/12.2.0/libgcc.a(_udivdi3.o)

.rela.dyn       0x00000000800516e0        0x0
 .rela.text     0x00000000800516e0        0x0 ocr_1.o
 .rela.srodata  0x00000000800516e0        0x0 ocr_1.o

.data           0x0000000080151000      0xae0
 *(.data)
 .data          0x0000000080151000        0x0 ocr_1.o
 .data          0x0000000080151000        0x0 neuronet.o
 .data          0x0000000080151000        0x0 file_read.o
 .data          0x0000000080151000        0x0 ./libelibc.a(crt0.o)
 .data          0x0000000080151000        0x0 ./libelibc.a(stdio.o)
 .data          0x0000000080151000        0x0 ./libelibc.a(stdlib.o)
 .data          0x0000000080151000        0x0 ./libelibc.a(string.o)
 .data          0x0000000080151000        0x0 ./libelibc.a(time.o)
 .data          0x0000000080151000        0x0 ./libelibc.a(uart.o)
 .data          0x0000000080151000        0x0 ./libelibc.a(fat32.o)
 .data          0x0000000080151000        0x0 ./libelibc.a(sd.o)
 .data          0x0000000080151000        0x0 ./libelibc.a(spi.o)
 .data          0x0000000080151000        0x0 /opt/riscv/lib/gcc/riscv32-unknown-elf/12.2.0/libgcc.a(_udivdi3.o)
 .data          0x0000000080151000        0x0 /opt/riscv/lib/gcc/riscv32-unknown-elf/12.2.0/libgcc.a(adddf3.o)
 .data          0x0000000080151000        0x0 /opt/riscv/lib/gcc/riscv32-unknown-elf/12.2.0/libgcc.a(divdf3.o)
 .data          0x0000000080151000        0x0 /opt/riscv/lib/gcc/riscv32-unknown-elf/12.2.0/libgcc.a(gedf2.o)
 .data          0x0000000080151000        0x0 /opt/riscv/lib/gcc/riscv32-unknown-elf/12.2.0/libgcc.a(ledf2.o)
 .data          0x0000000080151000        0x0 /opt/riscv/lib/gcc/riscv32-unknown-elf/12.2.0/libgcc.a(muldf3.o)
 .data          0x0000000080151000        0x0 /opt/riscv/lib/gcc/riscv32-unknown-elf/12.2.0/libgcc.a(subdf3.o)
 .data          0x0000000080151000        0x0 /opt/riscv/lib/gcc/riscv32-unknown-elf/12.2.0/libgcc.a(fixunsdfsi.o)
 .data          0x0000000080151000        0x0 /opt/riscv/lib/gcc/riscv32-unknown-elf/12.2.0/libgcc.a(floatunsidf.o)
 .data          0x0000000080151000        0x0 /opt/riscv/lib/gcc/riscv32-unknown-elf/12.2.0/libgcc.a(fixunsdfdi.o)
 .data          0x0000000080151000        0x0 /opt/riscv/lib/gcc/riscv32-unknown-elf/12.2.0/libgcc.a(addsf3.o)
 .data          0x0000000080151000        0x0 /opt/riscv/lib/gcc/riscv32-unknown-elf/12.2.0/libgcc.a(divsf3.o)
 .data          0x0000000080151000        0x0 /opt/riscv/lib/gcc/riscv32-unknown-elf/12.2.0/libgcc.a(gesf2.o)
 .data          0x0000000080151000        0x0 /opt/riscv/lib/gcc/riscv32-unknown-elf/12.2.0/libgcc.a(lesf2.o)
 .data          0x0000000080151000        0x0 /opt/riscv/lib/gcc/riscv32-unknown-elf/12.2.0/libgcc.a(mulsf3.o)
 .data          0x0000000080151000        0x0 /opt/riscv/lib/gcc/riscv32-unknown-elf/12.2.0/libgcc.a(subsf3.o)
 .data          0x0000000080151000        0x0 /opt/riscv/lib/gcc/riscv32-unknown-elf/12.2.0/libgcc.a(fixunssfsi.o)
 .data          0x0000000080151000        0x0 /opt/riscv/lib/gcc/riscv32-unknown-elf/12.2.0/libgcc.a(floatsisf.o)
 .data          0x0000000080151000        0x0 /opt/riscv/lib/gcc/riscv32-unknown-elf/12.2.0/libgcc.a(floatunsisf.o)
 .data          0x0000000080151000        0x0 /opt/riscv/lib/gcc/riscv32-unknown-elf/12.2.0/libgcc.a(extendsfdf2.o)
 .data          0x0000000080151000        0x0 /opt/riscv/lib/gcc/riscv32-unknown-elf/12.2.0/libgcc.a(_ashldi3.o)
 .data          0x0000000080151000        0x0 /opt/riscv/lib/gcc/riscv32-unknown-elf/12.2.0/libgcc.a(_clz.o)
 .data          0x0000000080151000        0x0 /opt/riscv/lib/gcc/riscv32-unknown-elf/12.2.0/libgcc.a(_clzsi2.o)
 *(.bss)
 .bss           0x0000000080151000        0x0 ocr_1.o
 .bss           0x0000000080151000       0x60 neuronet.o
                0x0000000080151000                n_neurons
                0x0000000080151020                nn
 .bss           0x0000000080151060        0x0 file_read.o
 .bss           0x0000000080151060        0x0 ./libelibc.a(crt0.o)
 .bss           0x0000000080151060        0x0 ./libelibc.a(stdio.o)
 .bss           0x0000000080151060        0x0 ./libelibc.a(stdlib.o)
 .bss           0x0000000080151060        0x0 ./libelibc.a(string.o)
 .bss           0x0000000080151060        0x0 ./libelibc.a(time.o)
 .bss           0x0000000080151060        0x0 ./libelibc.a(uart.o)
 .bss           0x0000000080151060      0xa00 ./libelibc.a(fat32.o)
 .bss           0x0000000080151a60       0x80 ./libelibc.a(sd.o)
 .bss           0x0000000080151ae0        0x0 ./libelibc.a(spi.o)
 .bss           0x0000000080151ae0        0x0 /opt/riscv/lib/gcc/riscv32-unknown-elf/12.2.0/libgcc.a(_udivdi3.o)
 .bss           0x0000000080151ae0        0x0 /opt/riscv/lib/gcc/riscv32-unknown-elf/12.2.0/libgcc.a(adddf3.o)
 .bss           0x0000000080151ae0        0x0 /opt/riscv/lib/gcc/riscv32-unknown-elf/12.2.0/libgcc.a(divdf3.o)
 .bss           0x0000000080151ae0        0x0 /opt/riscv/lib/gcc/riscv32-unknown-elf/12.2.0/libgcc.a(gedf2.o)
 .bss           0x0000000080151ae0        0x0 /opt/riscv/lib/gcc/riscv32-unknown-elf/12.2.0/libgcc.a(ledf2.o)
 .bss           0x0000000080151ae0        0x0 /opt/riscv/lib/gcc/riscv32-unknown-elf/12.2.0/libgcc.a(muldf3.o)
 .bss           0x0000000080151ae0        0x0 /opt/riscv/lib/gcc/riscv32-unknown-elf/12.2.0/libgcc.a(subdf3.o)
 .bss           0x0000000080151ae0        0x0 /opt/riscv/lib/gcc/riscv32-unknown-elf/12.2.0/libgcc.a(fixunsdfsi.o)
 .bss           0x0000000080151ae0        0x0 /opt/riscv/lib/gcc/riscv32-unknown-elf/12.2.0/libgcc.a(floatunsidf.o)
 .bss           0x0000000080151ae0        0x0 /opt/riscv/lib/gcc/riscv32-unknown-elf/12.2.0/libgcc.a(fixunsdfdi.o)
 .bss           0x0000000080151ae0        0x0 /opt/riscv/lib/gcc/riscv32-unknown-elf/12.2.0/libgcc.a(addsf3.o)
 .bss           0x0000000080151ae0        0x0 /opt/riscv/lib/gcc/riscv32-unknown-elf/12.2.0/libgcc.a(divsf3.o)
 .bss           0x0000000080151ae0        0x0 /opt/riscv/lib/gcc/riscv32-unknown-elf/12.2.0/libgcc.a(gesf2.o)
 .bss           0x0000000080151ae0        0x0 /opt/riscv/lib/gcc/riscv32-unknown-elf/12.2.0/libgcc.a(lesf2.o)
 .bss           0x0000000080151ae0        0x0 /opt/riscv/lib/gcc/riscv32-unknown-elf/12.2.0/libgcc.a(mulsf3.o)
 .bss           0x0000000080151ae0        0x0 /opt/riscv/lib/gcc/riscv32-unknown-elf/12.2.0/libgcc.a(subsf3.o)
 .bss           0x0000000080151ae0        0x0 /opt/riscv/lib/gcc/riscv32-unknown-elf/12.2.0/libgcc.a(fixunssfsi.o)
 .bss           0x0000000080151ae0        0x0 /opt/riscv/lib/gcc/riscv32-unknown-elf/12.2.0/libgcc.a(floatsisf.o)
 .bss           0x0000000080151ae0        0x0 /opt/riscv/lib/gcc/riscv32-unknown-elf/12.2.0/libgcc.a(floatunsisf.o)
 .bss           0x0000000080151ae0        0x0 /opt/riscv/lib/gcc/riscv32-unknown-elf/12.2.0/libgcc.a(extendsfdf2.o)
 .bss           0x0000000080151ae0        0x0 /opt/riscv/lib/gcc/riscv32-unknown-elf/12.2.0/libgcc.a(_ashldi3.o)
 .bss           0x0000000080151ae0        0x0 /opt/riscv/lib/gcc/riscv32-unknown-elf/12.2.0/libgcc.a(_clz.o)
 .bss           0x0000000080151ae0        0x0 /opt/riscv/lib/gcc/riscv32-unknown-elf/12.2.0/libgcc.a(_clzsi2.o)

.sdata          0x0000000080151ae0       0x44
 .sdata         0x0000000080151ae0       0x18 neuronet.o
                0x0000000080151ae0                mask
                0x0000000080151ae4                done_eval
                0x0000000080151ae8                done_calc
                0x0000000080151aec                done_memcpy
                0x0000000080151af0                done_init
                0x0000000080151af4                print_lock
 .sdata         0x0000000080151af8        0x4 file_read.o
                0x0000000080151af8                fbuf
 .sdata         0x0000000080151afc       0x1c ./libelibc.a(stdio.o)
                0x0000000080151afc                stderr
                0x0000000080151b00                stdout
                0x0000000080151b04                stdin
 .sdata         0x0000000080151b18        0xc ./libelibc.a(stdlib.o)

.sbss           0x0000000080151b24       0x40
 .sbss          0x0000000080151b24       0x2c neuronet.o
                0x0000000080151b24                weights
                0x0000000080151b28                labels
                0x0000000080151b2c                images
                0x0000000080151b30                ticks_per_msec
                0x0000000080151b34                tick
                0x0000000080151b38                correct_count
                0x0000000080151b3c                n_cols
                0x0000000080151b40                n_rows
                0x0000000080151b44                n_images
                0x0000000080151b48                class_id
                0x0000000080151b4c                n_layers
 .sbss          0x0000000080151b50        0x4 file_read.o
 .sbss          0x0000000080151b54        0x8 ./libelibc.a(crt0.o)
                0x0000000080151b54                sp_store
                0x0000000080151b58                stack_top_0
 .sbss          0x0000000080151b5c        0x8 ./libelibc.a(stdio.o)

.heap           0x0000000080161000    0xf0000
                0x0000000080161000                __heap_start = .
                0x0000000080251000                . = (. + __heap_size)
 *fill*         0x0000000080161000    0xf0000 

.stack          0x0000000080501000      0x800
                0x0000000080501800                . = (. + __stack_size)
 *fill*         0x0000000080501000      0x800 
                0x0000000080501800                __stack_top = .
LOAD ocr_1.o
LOAD neuronet.o
LOAD file_read.o
LOAD ./libelibc.a
LOAD /opt/riscv/lib/gcc/riscv32-unknown-elf/12.2.0/libgcc.a
OUTPUT(ocr_1.elf elf32-littleriscv)

.comment        0x0000000000000000       0x1b
 .comment       0x0000000000000000       0x1b ocr_1.o
                                         0x1c (鬆開之前的大小)
 .comment       0x000000000000001b       0x1c neuronet.o
 .comment       0x000000000000001b       0x1c file_read.o
 .comment       0x000000000000001b       0x1c ./libelibc.a(crt0.o)
 .comment       0x000000000000001b       0x1c ./libelibc.a(stdio.o)
 .comment       0x000000000000001b       0x1c ./libelibc.a(stdlib.o)
 .comment       0x000000000000001b       0x1c ./libelibc.a(string.o)
 .comment       0x000000000000001b       0x1c ./libelibc.a(time.o)
 .comment       0x000000000000001b       0x1c ./libelibc.a(uart.o)
 .comment       0x000000000000001b       0x1c ./libelibc.a(fat32.o)
 .comment       0x000000000000001b       0x1c ./libelibc.a(sd.o)
 .comment       0x000000000000001b       0x1c ./libelibc.a(spi.o)
 .comment       0x000000000000001b       0x1c /opt/riscv/lib/gcc/riscv32-unknown-elf/12.2.0/libgcc.a(_udivdi3.o)
 .comment       0x000000000000001b       0x1c /opt/riscv/lib/gcc/riscv32-unknown-elf/12.2.0/libgcc.a(adddf3.o)
 .comment       0x000000000000001b       0x1c /opt/riscv/lib/gcc/riscv32-unknown-elf/12.2.0/libgcc.a(divdf3.o)
 .comment       0x000000000000001b       0x1c /opt/riscv/lib/gcc/riscv32-unknown-elf/12.2.0/libgcc.a(gedf2.o)
 .comment       0x000000000000001b       0x1c /opt/riscv/lib/gcc/riscv32-unknown-elf/12.2.0/libgcc.a(ledf2.o)
 .comment       0x000000000000001b       0x1c /opt/riscv/lib/gcc/riscv32-unknown-elf/12.2.0/libgcc.a(muldf3.o)
 .comment       0x000000000000001b       0x1c /opt/riscv/lib/gcc/riscv32-unknown-elf/12.2.0/libgcc.a(subdf3.o)
 .comment       0x000000000000001b       0x1c /opt/riscv/lib/gcc/riscv32-unknown-elf/12.2.0/libgcc.a(fixunsdfsi.o)
 .comment       0x000000000000001b       0x1c /opt/riscv/lib/gcc/riscv32-unknown-elf/12.2.0/libgcc.a(floatunsidf.o)
 .comment       0x000000000000001b       0x1c /opt/riscv/lib/gcc/riscv32-unknown-elf/12.2.0/libgcc.a(fixunsdfdi.o)
 .comment       0x000000000000001b       0x1c /opt/riscv/lib/gcc/riscv32-unknown-elf/12.2.0/libgcc.a(addsf3.o)
 .comment       0x000000000000001b       0x1c /opt/riscv/lib/gcc/riscv32-unknown-elf/12.2.0/libgcc.a(divsf3.o)
 .comment       0x000000000000001b       0x1c /opt/riscv/lib/gcc/riscv32-unknown-elf/12.2.0/libgcc.a(gesf2.o)
 .comment       0x000000000000001b       0x1c /opt/riscv/lib/gcc/riscv32-unknown-elf/12.2.0/libgcc.a(lesf2.o)
 .comment       0x000000000000001b       0x1c /opt/riscv/lib/gcc/riscv32-unknown-elf/12.2.0/libgcc.a(mulsf3.o)
 .comment       0x000000000000001b       0x1c /opt/riscv/lib/gcc/riscv32-unknown-elf/12.2.0/libgcc.a(subsf3.o)
 .comment       0x000000000000001b       0x1c /opt/riscv/lib/gcc/riscv32-unknown-elf/12.2.0/libgcc.a(fixunssfsi.o)
 .comment       0x000000000000001b       0x1c /opt/riscv/lib/gcc/riscv32-unknown-elf/12.2.0/libgcc.a(floatsisf.o)
 .comment       0x000000000000001b       0x1c /opt/riscv/lib/gcc/riscv32-unknown-elf/12.2.0/libgcc.a(floatunsisf.o)
 .comment       0x000000000000001b       0x1c /opt/riscv/lib/gcc/riscv32-unknown-elf/12.2.0/libgcc.a(extendsfdf2.o)
 .comment       0x000000000000001b       0x1c /opt/riscv/lib/gcc/riscv32-unknown-elf/12.2.0/libgcc.a(_ashldi3.o)
 .comment       0x000000000000001b       0x1c /opt/riscv/lib/gcc/riscv32-unknown-elf/12.2.0/libgcc.a(_clz.o)
 .comment       0x000000000000001b       0x1c /opt/riscv/lib/gcc/riscv32-unknown-elf/12.2.0/libgcc.a(_clzsi2.o)

.riscv.attributes
                0x0000000000000000       0x2a
 .riscv.attributes
                0x0000000000000000       0x2a ocr_1.o
 .riscv.attributes
                0x000000000000002a       0x26 neuronet.o
 .riscv.attributes
                0x0000000000000050       0x26 file_read.o
 .riscv.attributes
                0x0000000000000076       0x26 ./libelibc.a(crt0.o)
 .riscv.attributes
                0x000000000000009c       0x26 ./libelibc.a(stdio.o)
 .riscv.attributes
                0x00000000000000c2       0x26 ./libelibc.a(stdlib.o)
 .riscv.attributes
                0x00000000000000e8       0x26 ./libelibc.a(string.o)
 .riscv.attributes
                0x000000000000010e       0x2a ./libelibc.a(time.o)
 .riscv.attributes
                0x0000000000000138       0x26 ./libelibc.a(uart.o)
 .riscv.attributes
                0x000000000000015e       0x26 ./libelibc.a(fat32.o)
 .riscv.attributes
                0x0000000000000184       0x26 ./libelibc.a(sd.o)
 .riscv.attributes
                0x00000000000001aa       0x26 ./libelibc.a(spi.o)
 .riscv.attributes
                0x00000000000001d0       0x26 /opt/riscv/lib/gcc/riscv32-unknown-elf/12.2.0/libgcc.a(_udivdi3.o)
 .riscv.attributes
                0x00000000000001f6       0x26 /opt/riscv/lib/gcc/riscv32-unknown-elf/12.2.0/libgcc.a(adddf3.o)
 .riscv.attributes
                0x000000000000021c       0x26 /opt/riscv/lib/gcc/riscv32-unknown-elf/12.2.0/libgcc.a(divdf3.o)
 .riscv.attributes
                0x0000000000000242       0x26 /opt/riscv/lib/gcc/riscv32-unknown-elf/12.2.0/libgcc.a(gedf2.o)
 .riscv.attributes
                0x0000000000000268       0x26 /opt/riscv/lib/gcc/riscv32-unknown-elf/12.2.0/libgcc.a(ledf2.o)
 .riscv.attributes
                0x000000000000028e       0x26 /opt/riscv/lib/gcc/riscv32-unknown-elf/12.2.0/libgcc.a(muldf3.o)
 .riscv.attributes
                0x00000000000002b4       0x26 /opt/riscv/lib/gcc/riscv32-unknown-elf/12.2.0/libgcc.a(subdf3.o)
 .riscv.attributes
                0x00000000000002da       0x26 /opt/riscv/lib/gcc/riscv32-unknown-elf/12.2.0/libgcc.a(fixunsdfsi.o)
 .riscv.attributes
                0x0000000000000300       0x26 /opt/riscv/lib/gcc/riscv32-unknown-elf/12.2.0/libgcc.a(floatunsidf.o)
 .riscv.attributes
                0x0000000000000326       0x26 /opt/riscv/lib/gcc/riscv32-unknown-elf/12.2.0/libgcc.a(fixunsdfdi.o)
 .riscv.attributes
                0x000000000000034c       0x26 /opt/riscv/lib/gcc/riscv32-unknown-elf/12.2.0/libgcc.a(addsf3.o)
 .riscv.attributes
                0x0000000000000372       0x26 /opt/riscv/lib/gcc/riscv32-unknown-elf/12.2.0/libgcc.a(divsf3.o)
 .riscv.attributes
                0x0000000000000398       0x26 /opt/riscv/lib/gcc/riscv32-unknown-elf/12.2.0/libgcc.a(gesf2.o)
 .riscv.attributes
                0x00000000000003be       0x26 /opt/riscv/lib/gcc/riscv32-unknown-elf/12.2.0/libgcc.a(lesf2.o)
 .riscv.attributes
                0x00000000000003e4       0x26 /opt/riscv/lib/gcc/riscv32-unknown-elf/12.2.0/libgcc.a(mulsf3.o)
 .riscv.attributes
                0x000000000000040a       0x26 /opt/riscv/lib/gcc/riscv32-unknown-elf/12.2.0/libgcc.a(subsf3.o)
 .riscv.attributes
                0x0000000000000430       0x26 /opt/riscv/lib/gcc/riscv32-unknown-elf/12.2.0/libgcc.a(fixunssfsi.o)
 .riscv.attributes
                0x0000000000000456       0x26 /opt/riscv/lib/gcc/riscv32-unknown-elf/12.2.0/libgcc.a(floatsisf.o)
 .riscv.attributes
                0x000000000000047c       0x26 /opt/riscv/lib/gcc/riscv32-unknown-elf/12.2.0/libgcc.a(floatunsisf.o)
 .riscv.attributes
                0x00000000000004a2       0x26 /opt/riscv/lib/gcc/riscv32-unknown-elf/12.2.0/libgcc.a(extendsfdf2.o)
 .riscv.attributes
                0x00000000000004c8       0x26 /opt/riscv/lib/gcc/riscv32-unknown-elf/12.2.0/libgcc.a(_ashldi3.o)
 .riscv.attributes
                0x00000000000004ee       0x26 /opt/riscv/lib/gcc/riscv32-unknown-elf/12.2.0/libgcc.a(_clz.o)
 .riscv.attributes
                0x0000000000000514       0x26 /opt/riscv/lib/gcc/riscv32-unknown-elf/12.2.0/libgcc.a(_clzsi2.o)

.debug_info     0x0000000000000000     0x44f5
 .debug_info    0x0000000000000000      0x761 /opt/riscv/lib/gcc/riscv32-unknown-elf/12.2.0/libgcc.a(_udivdi3.o)
 .debug_info    0x0000000000000761      0x4fe /opt/riscv/lib/gcc/riscv32-unknown-elf/12.2.0/libgcc.a(adddf3.o)
 .debug_info    0x0000000000000c5f      0x683 /opt/riscv/lib/gcc/riscv32-unknown-elf/12.2.0/libgcc.a(divdf3.o)
 .debug_info    0x00000000000012e2      0x224 /opt/riscv/lib/gcc/riscv32-unknown-elf/12.2.0/libgcc.a(gedf2.o)
 .debug_info    0x0000000000001506      0x224 /opt/riscv/lib/gcc/riscv32-unknown-elf/12.2.0/libgcc.a(ledf2.o)
 .debug_info    0x000000000000172a      0x6b4 /opt/riscv/lib/gcc/riscv32-unknown-elf/12.2.0/libgcc.a(muldf3.o)
 .debug_info    0x0000000000001dde      0x4f5 /opt/riscv/lib/gcc/riscv32-unknown-elf/12.2.0/libgcc.a(subdf3.o)
 .debug_info    0x00000000000022d3      0x1ad /opt/riscv/lib/gcc/riscv32-unknown-elf/12.2.0/libgcc.a(fixunsdfsi.o)
 .debug_info    0x0000000000002480      0x25d /opt/riscv/lib/gcc/riscv32-unknown-elf/12.2.0/libgcc.a(floatunsidf.o)
 .debug_info    0x00000000000026dd      0x1c9 /opt/riscv/lib/gcc/riscv32-unknown-elf/12.2.0/libgcc.a(fixunsdfdi.o)
 .debug_info    0x00000000000028a6      0x2f0 /opt/riscv/lib/gcc/riscv32-unknown-elf/12.2.0/libgcc.a(addsf3.o)
 .debug_info    0x0000000000002b96      0x360 /opt/riscv/lib/gcc/riscv32-unknown-elf/12.2.0/libgcc.a(divsf3.o)
 .debug_info    0x0000000000002ef6      0x1fc /opt/riscv/lib/gcc/riscv32-unknown-elf/12.2.0/libgcc.a(gesf2.o)
 .debug_info    0x00000000000030f2      0x1fc /opt/riscv/lib/gcc/riscv32-unknown-elf/12.2.0/libgcc.a(lesf2.o)
 .debug_info    0x00000000000032ee      0x354 /opt/riscv/lib/gcc/riscv32-unknown-elf/12.2.0/libgcc.a(mulsf3.o)
 .debug_info    0x0000000000003642      0x2ec /opt/riscv/lib/gcc/riscv32-unknown-elf/12.2.0/libgcc.a(subsf3.o)
 .debug_info    0x000000000000392e      0x19b /opt/riscv/lib/gcc/riscv32-unknown-elf/12.2.0/libgcc.a(fixunssfsi.o)
 .debug_info    0x0000000000003ac9      0x213 /opt/riscv/lib/gcc/riscv32-unknown-elf/12.2.0/libgcc.a(floatsisf.o)
 .debug_info    0x0000000000003cdc      0x20a /opt/riscv/lib/gcc/riscv32-unknown-elf/12.2.0/libgcc.a(floatunsisf.o)
 .debug_info    0x0000000000003ee6      0x254 /opt/riscv/lib/gcc/riscv32-unknown-elf/12.2.0/libgcc.a(extendsfdf2.o)
 .debug_info    0x000000000000413a      0x1a1 /opt/riscv/lib/gcc/riscv32-unknown-elf/12.2.0/libgcc.a(_ashldi3.o)
 .debug_info    0x00000000000042db       0xd8 /opt/riscv/lib/gcc/riscv32-unknown-elf/12.2.0/libgcc.a(_clz.o)
 .debug_info    0x00000000000043b3      0x142 /opt/riscv/lib/gcc/riscv32-unknown-elf/12.2.0/libgcc.a(_clzsi2.o)

.debug_abbrev   0x0000000000000000     0x1e7d
 .debug_abbrev  0x0000000000000000      0x1a6 /opt/riscv/lib/gcc/riscv32-unknown-elf/12.2.0/libgcc.a(_udivdi3.o)
 .debug_abbrev  0x00000000000001a6      0x17f /opt/riscv/lib/gcc/riscv32-unknown-elf/12.2.0/libgcc.a(adddf3.o)
 .debug_abbrev  0x0000000000000325      0x17c /opt/riscv/lib/gcc/riscv32-unknown-elf/12.2.0/libgcc.a(divdf3.o)
 .debug_abbrev  0x00000000000004a1      0x153 /opt/riscv/lib/gcc/riscv32-unknown-elf/12.2.0/libgcc.a(gedf2.o)
 .debug_abbrev  0x00000000000005f4      0x153 /opt/riscv/lib/gcc/riscv32-unknown-elf/12.2.0/libgcc.a(ledf2.o)
 .debug_abbrev  0x0000000000000747      0x185 /opt/riscv/lib/gcc/riscv32-unknown-elf/12.2.0/libgcc.a(muldf3.o)
 .debug_abbrev  0x00000000000008cc      0x176 /opt/riscv/lib/gcc/riscv32-unknown-elf/12.2.0/libgcc.a(subdf3.o)
 .debug_abbrev  0x0000000000000a42      0x162 /opt/riscv/lib/gcc/riscv32-unknown-elf/12.2.0/libgcc.a(fixunsdfsi.o)
 .debug_abbrev  0x0000000000000ba4      0x163 /opt/riscv/lib/gcc/riscv32-unknown-elf/12.2.0/libgcc.a(floatunsidf.o)
 .debug_abbrev  0x0000000000000d07      0x15f /opt/riscv/lib/gcc/riscv32-unknown-elf/12.2.0/libgcc.a(fixunsdfdi.o)
 .debug_abbrev  0x0000000000000e66      0x16d /opt/riscv/lib/gcc/riscv32-unknown-elf/12.2.0/libgcc.a(addsf3.o)
 .debug_abbrev  0x0000000000000fd3      0x14c /opt/riscv/lib/gcc/riscv32-unknown-elf/12.2.0/libgcc.a(divsf3.o)
 .debug_abbrev  0x000000000000111f      0x15f /opt/riscv/lib/gcc/riscv32-unknown-elf/12.2.0/libgcc.a(gesf2.o)
 .debug_abbrev  0x000000000000127e      0x15f /opt/riscv/lib/gcc/riscv32-unknown-elf/12.2.0/libgcc.a(lesf2.o)
 .debug_abbrev  0x00000000000013dd      0x15b /opt/riscv/lib/gcc/riscv32-unknown-elf/12.2.0/libgcc.a(mulsf3.o)
 .debug_abbrev  0x0000000000001538      0x164 /opt/riscv/lib/gcc/riscv32-unknown-elf/12.2.0/libgcc.a(subsf3.o)
 .debug_abbrev  0x000000000000169c      0x14d /opt/riscv/lib/gcc/riscv32-unknown-elf/12.2.0/libgcc.a(fixunssfsi.o)
 .debug_abbrev  0x00000000000017e9      0x16d /opt/riscv/lib/gcc/riscv32-unknown-elf/12.2.0/libgcc.a(floatsisf.o)
 .debug_abbrev  0x0000000000001956      0x186 /opt/riscv/lib/gcc/riscv32-unknown-elf/12.2.0/libgcc.a(floatunsisf.o)
 .debug_abbrev  0x0000000000001adc      0x15b /opt/riscv/lib/gcc/riscv32-unknown-elf/12.2.0/libgcc.a(extendsfdf2.o)
 .debug_abbrev  0x0000000000001c37      0x10c /opt/riscv/lib/gcc/riscv32-unknown-elf/12.2.0/libgcc.a(_ashldi3.o)
 .debug_abbrev  0x0000000000001d43       0x70 /opt/riscv/lib/gcc/riscv32-unknown-elf/12.2.0/libgcc.a(_clz.o)
 .debug_abbrev  0x0000000000001db3       0xca /opt/riscv/lib/gcc/riscv32-unknown-elf/12.2.0/libgcc.a(_clzsi2.o)

.debug_loclists
                0x0000000000000000     0x7cc1
 .debug_loclists
                0x0000000000000000      0xa4c /opt/riscv/lib/gcc/riscv32-unknown-elf/12.2.0/libgcc.a(_udivdi3.o)
 .debug_loclists
                0x0000000000000a4c     0x10f5 /opt/riscv/lib/gcc/riscv32-unknown-elf/12.2.0/libgcc.a(adddf3.o)
 .debug_loclists
                0x0000000000001b41      0xf0a /opt/riscv/lib/gcc/riscv32-unknown-elf/12.2.0/libgcc.a(divdf3.o)
 .debug_loclists
                0x0000000000002a4b      0x2f9 /opt/riscv/lib/gcc/riscv32-unknown-elf/12.2.0/libgcc.a(gedf2.o)
 .debug_loclists
                0x0000000000002d44      0x2f9 /opt/riscv/lib/gcc/riscv32-unknown-elf/12.2.0/libgcc.a(ledf2.o)
 .debug_loclists
                0x000000000000303d      0xc0f /opt/riscv/lib/gcc/riscv32-unknown-elf/12.2.0/libgcc.a(muldf3.o)
 .debug_loclists
                0x0000000000003c4c     0x1248 /opt/riscv/lib/gcc/riscv32-unknown-elf/12.2.0/libgcc.a(subdf3.o)
 .debug_loclists
                0x0000000000004e94       0xdc /opt/riscv/lib/gcc/riscv32-unknown-elf/12.2.0/libgcc.a(fixunsdfsi.o)
 .debug_loclists
                0x0000000000004f70      0x137 /opt/riscv/lib/gcc/riscv32-unknown-elf/12.2.0/libgcc.a(floatunsidf.o)
 .debug_loclists
                0x00000000000050a7      0x17f /opt/riscv/lib/gcc/riscv32-unknown-elf/12.2.0/libgcc.a(fixunsdfdi.o)
 .debug_loclists
                0x0000000000005226      0xbdb /opt/riscv/lib/gcc/riscv32-unknown-elf/12.2.0/libgcc.a(addsf3.o)
 .debug_loclists
                0x0000000000005e01      0x5e0 /opt/riscv/lib/gcc/riscv32-unknown-elf/12.2.0/libgcc.a(divsf3.o)
 .debug_loclists
                0x00000000000063e1       0xe1 /opt/riscv/lib/gcc/riscv32-unknown-elf/12.2.0/libgcc.a(gesf2.o)
 .debug_loclists
                0x00000000000064c2       0xe1 /opt/riscv/lib/gcc/riscv32-unknown-elf/12.2.0/libgcc.a(lesf2.o)
 .debug_loclists
                0x00000000000065a3      0x4f0 /opt/riscv/lib/gcc/riscv32-unknown-elf/12.2.0/libgcc.a(mulsf3.o)
 .debug_loclists
                0x0000000000006a93      0xafe /opt/riscv/lib/gcc/riscv32-unknown-elf/12.2.0/libgcc.a(subsf3.o)
 .debug_loclists
                0x0000000000007591       0xca /opt/riscv/lib/gcc/riscv32-unknown-elf/12.2.0/libgcc.a(fixunssfsi.o)
 .debug_loclists
                0x000000000000765b      0x1e8 /opt/riscv/lib/gcc/riscv32-unknown-elf/12.2.0/libgcc.a(floatsisf.o)
 .debug_loclists
                0x0000000000007843      0x1a6 /opt/riscv/lib/gcc/riscv32-unknown-elf/12.2.0/libgcc.a(floatunsisf.o)
 .debug_loclists
                0x00000000000079e9      0x1cf /opt/riscv/lib/gcc/riscv32-unknown-elf/12.2.0/libgcc.a(extendsfdf2.o)
 .debug_loclists
                0x0000000000007bb8       0xa7 /opt/riscv/lib/gcc/riscv32-unknown-elf/12.2.0/libgcc.a(_ashldi3.o)
 .debug_loclists
                0x0000000000007c5f       0x62 /opt/riscv/lib/gcc/riscv32-unknown-elf/12.2.0/libgcc.a(_clzsi2.o)

.debug_aranges  0x0000000000000000      0x2d8
 .debug_aranges
                0x0000000000000000       0x20 /opt/riscv/lib/gcc/riscv32-unknown-elf/12.2.0/libgcc.a(_udivdi3.o)
 .debug_aranges
                0x0000000000000020       0x20 /opt/riscv/lib/gcc/riscv32-unknown-elf/12.2.0/libgcc.a(adddf3.o)
 .debug_aranges
                0x0000000000000040       0x20 /opt/riscv/lib/gcc/riscv32-unknown-elf/12.2.0/libgcc.a(divdf3.o)
 .debug_aranges
                0x0000000000000060       0x20 /opt/riscv/lib/gcc/riscv32-unknown-elf/12.2.0/libgcc.a(gedf2.o)
 .debug_aranges
                0x0000000000000080       0x20 /opt/riscv/lib/gcc/riscv32-unknown-elf/12.2.0/libgcc.a(ledf2.o)
 .debug_aranges
                0x00000000000000a0       0x20 /opt/riscv/lib/gcc/riscv32-unknown-elf/12.2.0/libgcc.a(muldf3.o)
 .debug_aranges
                0x00000000000000c0       0x20 /opt/riscv/lib/gcc/riscv32-unknown-elf/12.2.0/libgcc.a(subdf3.o)
 .debug_aranges
                0x00000000000000e0       0x20 /opt/riscv/lib/gcc/riscv32-unknown-elf/12.2.0/libgcc.a(fixunsdfsi.o)
 .debug_aranges
                0x0000000000000100       0x20 /opt/riscv/lib/gcc/riscv32-unknown-elf/12.2.0/libgcc.a(floatunsidf.o)
 .debug_aranges
                0x0000000000000120       0x20 /opt/riscv/lib/gcc/riscv32-unknown-elf/12.2.0/libgcc.a(fixunsdfdi.o)
 .debug_aranges
                0x0000000000000140       0x20 /opt/riscv/lib/gcc/riscv32-unknown-elf/12.2.0/libgcc.a(addsf3.o)
 .debug_aranges
                0x0000000000000160       0x20 /opt/riscv/lib/gcc/riscv32-unknown-elf/12.2.0/libgcc.a(divsf3.o)
 .debug_aranges
                0x0000000000000180       0x20 /opt/riscv/lib/gcc/riscv32-unknown-elf/12.2.0/libgcc.a(gesf2.o)
 .debug_aranges
                0x00000000000001a0       0x20 /opt/riscv/lib/gcc/riscv32-unknown-elf/12.2.0/libgcc.a(lesf2.o)
 .debug_aranges
                0x00000000000001c0       0x20 /opt/riscv/lib/gcc/riscv32-unknown-elf/12.2.0/libgcc.a(mulsf3.o)
 .debug_aranges
                0x00000000000001e0       0x20 /opt/riscv/lib/gcc/riscv32-unknown-elf/12.2.0/libgcc.a(subsf3.o)
 .debug_aranges
                0x0000000000000200       0x20 /opt/riscv/lib/gcc/riscv32-unknown-elf/12.2.0/libgcc.a(fixunssfsi.o)
 .debug_aranges
                0x0000000000000220       0x20 /opt/riscv/lib/gcc/riscv32-unknown-elf/12.2.0/libgcc.a(floatsisf.o)
 .debug_aranges
                0x0000000000000240       0x20 /opt/riscv/lib/gcc/riscv32-unknown-elf/12.2.0/libgcc.a(floatunsisf.o)
 .debug_aranges
                0x0000000000000260       0x20 /opt/riscv/lib/gcc/riscv32-unknown-elf/12.2.0/libgcc.a(extendsfdf2.o)
 .debug_aranges
                0x0000000000000280       0x20 /opt/riscv/lib/gcc/riscv32-unknown-elf/12.2.0/libgcc.a(_ashldi3.o)
 .debug_aranges
                0x00000000000002a0       0x18 /opt/riscv/lib/gcc/riscv32-unknown-elf/12.2.0/libgcc.a(_clz.o)
 .debug_aranges
                0x00000000000002b8       0x20 /opt/riscv/lib/gcc/riscv32-unknown-elf/12.2.0/libgcc.a(_clzsi2.o)

.debug_rnglists
                0x0000000000000000     0x11ca
 .debug_rnglists
                0x0000000000000000      0x111 /opt/riscv/lib/gcc/riscv32-unknown-elf/12.2.0/libgcc.a(_udivdi3.o)
 .debug_rnglists
                0x0000000000000111      0x20f /opt/riscv/lib/gcc/riscv32-unknown-elf/12.2.0/libgcc.a(adddf3.o)
 .debug_rnglists
                0x0000000000000320      0x177 /opt/riscv/lib/gcc/riscv32-unknown-elf/12.2.0/libgcc.a(divdf3.o)
 .debug_rnglists
                0x0000000000000497       0x7b /opt/riscv/lib/gcc/riscv32-unknown-elf/12.2.0/libgcc.a(gedf2.o)
 .debug_rnglists
                0x0000000000000512       0x7b /opt/riscv/lib/gcc/riscv32-unknown-elf/12.2.0/libgcc.a(ledf2.o)
 .debug_rnglists
                0x000000000000058d      0x1e6 /opt/riscv/lib/gcc/riscv32-unknown-elf/12.2.0/libgcc.a(muldf3.o)
 .debug_rnglists
                0x0000000000000773      0x275 /opt/riscv/lib/gcc/riscv32-unknown-elf/12.2.0/libgcc.a(subdf3.o)
 .debug_rnglists
                0x00000000000009e8       0x28 /opt/riscv/lib/gcc/riscv32-unknown-elf/12.2.0/libgcc.a(fixunsdfsi.o)
 .debug_rnglists
                0x0000000000000a10       0x6a /opt/riscv/lib/gcc/riscv32-unknown-elf/12.2.0/libgcc.a(floatunsidf.o)
 .debug_rnglists
                0x0000000000000a7a       0x44 /opt/riscv/lib/gcc/riscv32-unknown-elf/12.2.0/libgcc.a(fixunsdfdi.o)
 .debug_rnglists
                0x0000000000000abe      0x1b0 /opt/riscv/lib/gcc/riscv32-unknown-elf/12.2.0/libgcc.a(addsf3.o)
 .debug_rnglists
                0x0000000000000c6e       0xd0 /opt/riscv/lib/gcc/riscv32-unknown-elf/12.2.0/libgcc.a(divsf3.o)
 .debug_rnglists
                0x0000000000000d3e       0x4d /opt/riscv/lib/gcc/riscv32-unknown-elf/12.2.0/libgcc.a(gesf2.o)
 .debug_rnglists
                0x0000000000000d8b       0x4d /opt/riscv/lib/gcc/riscv32-unknown-elf/12.2.0/libgcc.a(lesf2.o)
 .debug_rnglists
                0x0000000000000dd8       0xbd /opt/riscv/lib/gcc/riscv32-unknown-elf/12.2.0/libgcc.a(mulsf3.o)
 .debug_rnglists
                0x0000000000000e95      0x1cc /opt/riscv/lib/gcc/riscv32-unknown-elf/12.2.0/libgcc.a(subsf3.o)
 .debug_rnglists
                0x0000000000001061       0x1f /opt/riscv/lib/gcc/riscv32-unknown-elf/12.2.0/libgcc.a(fixunssfsi.o)
 .debug_rnglists
                0x0000000000001080       0x86 /opt/riscv/lib/gcc/riscv32-unknown-elf/12.2.0/libgcc.a(floatsisf.o)
 .debug_rnglists
                0x0000000000001106       0x61 /opt/riscv/lib/gcc/riscv32-unknown-elf/12.2.0/libgcc.a(floatunsisf.o)
 .debug_rnglists
                0x0000000000001167       0x3b /opt/riscv/lib/gcc/riscv32-unknown-elf/12.2.0/libgcc.a(extendsfdf2.o)
 .debug_rnglists
                0x00000000000011a2       0x28 /opt/riscv/lib/gcc/riscv32-unknown-elf/12.2.0/libgcc.a(_clzsi2.o)

.debug_line     0x0000000000000000     0x8b0b
 .debug_line    0x0000000000000000      0x713 /opt/riscv/lib/gcc/riscv32-unknown-elf/12.2.0/libgcc.a(_udivdi3.o)
 .debug_line    0x0000000000000713     0x1037 /opt/riscv/lib/gcc/riscv32-unknown-elf/12.2.0/libgcc.a(adddf3.o)
 .debug_line    0x000000000000174a      0xf87 /opt/riscv/lib/gcc/riscv32-unknown-elf/12.2.0/libgcc.a(divdf3.o)
 .debug_line    0x00000000000026d1      0x345 /opt/riscv/lib/gcc/riscv32-unknown-elf/12.2.0/libgcc.a(gedf2.o)
 .debug_line    0x0000000000002a16      0x345 /opt/riscv/lib/gcc/riscv32-unknown-elf/12.2.0/libgcc.a(ledf2.o)
 .debug_line    0x0000000000002d5b      0xe0b /opt/riscv/lib/gcc/riscv32-unknown-elf/12.2.0/libgcc.a(muldf3.o)
 .debug_line    0x0000000000003b66     0x118b /opt/riscv/lib/gcc/riscv32-unknown-elf/12.2.0/libgcc.a(subdf3.o)
 .debug_line    0x0000000000004cf1      0x177 /opt/riscv/lib/gcc/riscv32-unknown-elf/12.2.0/libgcc.a(fixunsdfsi.o)
 .debug_line    0x0000000000004e68      0x241 /opt/riscv/lib/gcc/riscv32-unknown-elf/12.2.0/libgcc.a(floatunsidf.o)
 .debug_line    0x00000000000050a9      0x1fd /opt/riscv/lib/gcc/riscv32-unknown-elf/12.2.0/libgcc.a(fixunsdfdi.o)
 .debug_line    0x00000000000052a6      0xa1c /opt/riscv/lib/gcc/riscv32-unknown-elf/12.2.0/libgcc.a(addsf3.o)
 .debug_line    0x0000000000005cc2      0x818 /opt/riscv/lib/gcc/riscv32-unknown-elf/12.2.0/libgcc.a(divsf3.o)
 .debug_line    0x00000000000064da      0x2f6 /opt/riscv/lib/gcc/riscv32-unknown-elf/12.2.0/libgcc.a(gesf2.o)
 .debug_line    0x00000000000067d0      0x2f6 /opt/riscv/lib/gcc/riscv32-unknown-elf/12.2.0/libgcc.a(lesf2.o)
 .debug_line    0x0000000000006ac6      0x77b /opt/riscv/lib/gcc/riscv32-unknown-elf/12.2.0/libgcc.a(mulsf3.o)
 .debug_line    0x0000000000007241      0xb55 /opt/riscv/lib/gcc/riscv32-unknown-elf/12.2.0/libgcc.a(subsf3.o)
 .debug_line    0x0000000000007d96      0x15f /opt/riscv/lib/gcc/riscv32-unknown-elf/12.2.0/libgcc.a(fixunssfsi.o)
 .debug_line    0x0000000000007ef5      0x361 /opt/riscv/lib/gcc/riscv32-unknown-elf/12.2.0/libgcc.a(floatsisf.o)
 .debug_line    0x0000000000008256      0x32b /opt/riscv/lib/gcc/riscv32-unknown-elf/12.2.0/libgcc.a(floatunsisf.o)
 .debug_line    0x0000000000008581      0x379 /opt/riscv/lib/gcc/riscv32-unknown-elf/12.2.0/libgcc.a(extendsfdf2.o)
 .debug_line    0x00000000000088fa      0x107 /opt/riscv/lib/gcc/riscv32-unknown-elf/12.2.0/libgcc.a(_ashldi3.o)
 .debug_line    0x0000000000008a01       0x3f /opt/riscv/lib/gcc/riscv32-unknown-elf/12.2.0/libgcc.a(_clz.o)
 .debug_line    0x0000000000008a40       0xcb /opt/riscv/lib/gcc/riscv32-unknown-elf/12.2.0/libgcc.a(_clzsi2.o)

.debug_str      0x0000000000000000      0x928
 .debug_str     0x0000000000000000      0x1e9 /opt/riscv/lib/gcc/riscv32-unknown-elf/12.2.0/libgcc.a(_udivdi3.o)
                                        0x249 (鬆開之前的大小)
 .debug_str     0x00000000000001e9      0x222 /opt/riscv/lib/gcc/riscv32-unknown-elf/12.2.0/libgcc.a(adddf3.o)
                                        0x2a3 (鬆開之前的大小)
 .debug_str     0x000000000000040b      0x16b /opt/riscv/lib/gcc/riscv32-unknown-elf/12.2.0/libgcc.a(divdf3.o)
                                        0x365 (鬆開之前的大小)
 .debug_str     0x0000000000000576       0x4b /opt/riscv/lib/gcc/riscv32-unknown-elf/12.2.0/libgcc.a(gedf2.o)
                                        0x1d9 (鬆開之前的大小)
 .debug_str     0x00000000000005c1        0x8 /opt/riscv/lib/gcc/riscv32-unknown-elf/12.2.0/libgcc.a(ledf2.o)
                                        0x1d9 (鬆開之前的大小)
 .debug_str     0x00000000000005c9      0x12e /opt/riscv/lib/gcc/riscv32-unknown-elf/12.2.0/libgcc.a(muldf3.o)
                                        0x3bd (鬆開之前的大小)
 .debug_str     0x00000000000006f7        0x9 /opt/riscv/lib/gcc/riscv32-unknown-elf/12.2.0/libgcc.a(subdf3.o)
                                        0x2a3 (鬆開之前的大小)
 .debug_str     0x0000000000000700       0x20 /opt/riscv/lib/gcc/riscv32-unknown-elf/12.2.0/libgcc.a(fixunsdfsi.o)
                                        0x1ac (鬆開之前的大小)
 .debug_str     0x0000000000000720       0x3b /opt/riscv/lib/gcc/riscv32-unknown-elf/12.2.0/libgcc.a(floatunsidf.o)
                                        0x248 (鬆開之前的大小)
 .debug_str     0x000000000000075b       0x17 /opt/riscv/lib/gcc/riscv32-unknown-elf/12.2.0/libgcc.a(fixunsdfdi.o)
                                        0x1b6 (鬆開之前的大小)
 .debug_str     0x0000000000000772       0x5e /opt/riscv/lib/gcc/riscv32-unknown-elf/12.2.0/libgcc.a(addsf3.o)
                                        0x266 (鬆開之前的大小)
 .debug_str     0x00000000000007d0       0xa9 /opt/riscv/lib/gcc/riscv32-unknown-elf/12.2.0/libgcc.a(divsf3.o)
                                        0x2d0 (鬆開之前的大小)
 .debug_str     0x0000000000000879        0x8 /opt/riscv/lib/gcc/riscv32-unknown-elf/12.2.0/libgcc.a(gesf2.o)
                                        0x1bd (鬆開之前的大小)
 .debug_str     0x0000000000000881        0x8 /opt/riscv/lib/gcc/riscv32-unknown-elf/12.2.0/libgcc.a(lesf2.o)
                                        0x1bd (鬆開之前的大小)
 .debug_str     0x0000000000000889       0x3b /opt/riscv/lib/gcc/riscv32-unknown-elf/12.2.0/libgcc.a(mulsf3.o)
                                        0x28b (鬆開之前的大小)
 .debug_str     0x00000000000008c4        0x9 /opt/riscv/lib/gcc/riscv32-unknown-elf/12.2.0/libgcc.a(subsf3.o)
                                        0x266 (鬆開之前的大小)
 .debug_str     0x00000000000008cd        0xd /opt/riscv/lib/gcc/riscv32-unknown-elf/12.2.0/libgcc.a(fixunssfsi.o)
                                        0x19a (鬆開之前的大小)
 .debug_str     0x00000000000008da        0xc /opt/riscv/lib/gcc/riscv32-unknown-elf/12.2.0/libgcc.a(floatsisf.o)
                                        0x22e (鬆開之前的大小)
 .debug_str     0x00000000000008e6        0xe /opt/riscv/lib/gcc/riscv32-unknown-elf/12.2.0/libgcc.a(floatunsisf.o)
                                        0x229 (鬆開之前的大小)
 .debug_str     0x00000000000008f4       0x1b /opt/riscv/lib/gcc/riscv32-unknown-elf/12.2.0/libgcc.a(extendsfdf2.o)
                                        0x1d9 (鬆開之前的大小)
 .debug_str     0x000000000000090f       0x19 /opt/riscv/lib/gcc/riscv32-unknown-elf/12.2.0/libgcc.a(_ashldi3.o)
                                        0x1d3 (鬆開之前的大小)
 .debug_str     0x0000000000000928      0x196 /opt/riscv/lib/gcc/riscv32-unknown-elf/12.2.0/libgcc.a(_clz.o)
 .debug_str     0x0000000000000928      0x1b3 /opt/riscv/lib/gcc/riscv32-unknown-elf/12.2.0/libgcc.a(_clzsi2.o)

.debug_line_str
                0x0000000000000000      0x78d
 .debug_line_str
                0x0000000000000000       0xfc /opt/riscv/lib/gcc/riscv32-unknown-elf/12.2.0/libgcc.a(_udivdi3.o)
                                        0x178 (鬆開之前的大小)
 .debug_line_str
                0x00000000000000fc       0xa2 /opt/riscv/lib/gcc/riscv32-unknown-elf/12.2.0/libgcc.a(adddf3.o)
                                        0x184 (鬆開之前的大小)
 .debug_line_str
                0x000000000000019e       0x5b /opt/riscv/lib/gcc/riscv32-unknown-elf/12.2.0/libgcc.a(divdf3.o)
                                        0x18e (鬆開之前的大小)
 .debug_line_str
                0x00000000000001f9       0x60 /opt/riscv/lib/gcc/riscv32-unknown-elf/12.2.0/libgcc.a(gedf2.o)
                                        0x191 (鬆開之前的大小)
 .debug_line_str
                0x0000000000000259       0x50 /opt/riscv/lib/gcc/riscv32-unknown-elf/12.2.0/libgcc.a(ledf2.o)
                                        0x191 (鬆開之前的大小)
 .debug_line_str
                0x00000000000002a9       0x51 /opt/riscv/lib/gcc/riscv32-unknown-elf/12.2.0/libgcc.a(muldf3.o)
                                        0x18e (鬆開之前的大小)
 .debug_line_str
                0x00000000000002fa       0x51 /opt/riscv/lib/gcc/riscv32-unknown-elf/12.2.0/libgcc.a(subdf3.o)
                                        0x184 (鬆開之前的大小)
 .debug_line_str
                0x000000000000034b       0x55 /opt/riscv/lib/gcc/riscv32-unknown-elf/12.2.0/libgcc.a(fixunsdfsi.o)
                                        0x19a (鬆開之前的大小)
 .debug_line_str
                0x00000000000003a0       0x56 /opt/riscv/lib/gcc/riscv32-unknown-elf/12.2.0/libgcc.a(floatunsidf.o)
                                        0x19d (鬆開之前的大小)
 .debug_line_str
                0x00000000000003f6       0x55 /opt/riscv/lib/gcc/riscv32-unknown-elf/12.2.0/libgcc.a(fixunsdfdi.o)
                                        0x19a (鬆開之前的大小)
 .debug_line_str
                0x000000000000044b       0x5a /opt/riscv/lib/gcc/riscv32-unknown-elf/12.2.0/libgcc.a(addsf3.o)
                                        0x184 (鬆開之前的大小)
 .debug_line_str
                0x00000000000004a5       0x51 /opt/riscv/lib/gcc/riscv32-unknown-elf/12.2.0/libgcc.a(divsf3.o)
                                        0x184 (鬆開之前的大小)
 .debug_line_str
                0x00000000000004f6       0x50 /opt/riscv/lib/gcc/riscv32-unknown-elf/12.2.0/libgcc.a(gesf2.o)
                                        0x191 (鬆開之前的大小)
 .debug_line_str
                0x0000000000000546       0x50 /opt/riscv/lib/gcc/riscv32-unknown-elf/12.2.0/libgcc.a(lesf2.o)
                                        0x191 (鬆開之前的大小)
 .debug_line_str
                0x0000000000000596       0x51 /opt/riscv/lib/gcc/riscv32-unknown-elf/12.2.0/libgcc.a(mulsf3.o)
                                        0x18e (鬆開之前的大小)
 .debug_line_str
                0x00000000000005e7       0x51 /opt/riscv/lib/gcc/riscv32-unknown-elf/12.2.0/libgcc.a(subsf3.o)
                                        0x184 (鬆開之前的大小)
 .debug_line_str
                0x0000000000000638       0x55 /opt/riscv/lib/gcc/riscv32-unknown-elf/12.2.0/libgcc.a(fixunssfsi.o)
                                        0x19a (鬆開之前的大小)
 .debug_line_str
                0x000000000000068d       0x54 /opt/riscv/lib/gcc/riscv32-unknown-elf/12.2.0/libgcc.a(floatsisf.o)
                                        0x197 (鬆開之前的大小)
 .debug_line_str
                0x00000000000006e1       0x56 /opt/riscv/lib/gcc/riscv32-unknown-elf/12.2.0/libgcc.a(floatunsisf.o)
                                        0x19d (鬆開之前的大小)
 .debug_line_str
                0x0000000000000737       0x56 /opt/riscv/lib/gcc/riscv32-unknown-elf/12.2.0/libgcc.a(extendsfdf2.o)
                                        0x19c (鬆開之前的大小)
 .debug_line_str
                0x000000000000078d      0x178 /opt/riscv/lib/gcc/riscv32-unknown-elf/12.2.0/libgcc.a(_ashldi3.o)
 .debug_line_str
                0x000000000000078d      0x178 /opt/riscv/lib/gcc/riscv32-unknown-elf/12.2.0/libgcc.a(_clz.o)
 .debug_line_str
                0x000000000000078d      0x178 /opt/riscv/lib/gcc/riscv32-unknown-elf/12.2.0/libgcc.a(_clzsi2.o)

.debug_frame    0x0000000000000000      0x444
 .debug_frame   0x0000000000000000       0x44 /opt/riscv/lib/gcc/riscv32-unknown-elf/12.2.0/libgcc.a(adddf3.o)
 .debug_frame   0x0000000000000044       0x54 /opt/riscv/lib/gcc/riscv32-unknown-elf/12.2.0/libgcc.a(divdf3.o)
 .debug_frame   0x0000000000000098       0x20 /opt/riscv/lib/gcc/riscv32-unknown-elf/12.2.0/libgcc.a(gedf2.o)
 .debug_frame   0x00000000000000b8       0x20 /opt/riscv/lib/gcc/riscv32-unknown-elf/12.2.0/libgcc.a(ledf2.o)
 .debug_frame   0x00000000000000d8       0x54 /opt/riscv/lib/gcc/riscv32-unknown-elf/12.2.0/libgcc.a(muldf3.o)
 .debug_frame   0x000000000000012c       0x44 /opt/riscv/lib/gcc/riscv32-unknown-elf/12.2.0/libgcc.a(subdf3.o)
 .debug_frame   0x0000000000000170       0x20 /opt/riscv/lib/gcc/riscv32-unknown-elf/12.2.0/libgcc.a(fixunsdfsi.o)
 .debug_frame   0x0000000000000190       0x34 /opt/riscv/lib/gcc/riscv32-unknown-elf/12.2.0/libgcc.a(floatunsidf.o)
 .debug_frame   0x00000000000001c4       0x2c /opt/riscv/lib/gcc/riscv32-unknown-elf/12.2.0/libgcc.a(fixunsdfdi.o)
 .debug_frame   0x00000000000001f0       0x3c /opt/riscv/lib/gcc/riscv32-unknown-elf/12.2.0/libgcc.a(addsf3.o)
 .debug_frame   0x000000000000022c       0x4c /opt/riscv/lib/gcc/riscv32-unknown-elf/12.2.0/libgcc.a(divsf3.o)
 .debug_frame   0x0000000000000278       0x20 /opt/riscv/lib/gcc/riscv32-unknown-elf/12.2.0/libgcc.a(gesf2.o)
 .debug_frame   0x0000000000000298       0x20 /opt/riscv/lib/gcc/riscv32-unknown-elf/12.2.0/libgcc.a(lesf2.o)
 .debug_frame   0x00000000000002b8       0x4c /opt/riscv/lib/gcc/riscv32-unknown-elf/12.2.0/libgcc.a(mulsf3.o)
 .debug_frame   0x0000000000000304       0x3c /opt/riscv/lib/gcc/riscv32-unknown-elf/12.2.0/libgcc.a(subsf3.o)
 .debug_frame   0x0000000000000340       0x20 /opt/riscv/lib/gcc/riscv32-unknown-elf/12.2.0/libgcc.a(fixunssfsi.o)
 .debug_frame   0x0000000000000360       0x38 /opt/riscv/lib/gcc/riscv32-unknown-elf/12.2.0/libgcc.a(floatsisf.o)
 .debug_frame   0x0000000000000398       0x34 /opt/riscv/lib/gcc/riscv32-unknown-elf/12.2.0/libgcc.a(floatunsisf.o)
 .debug_frame   0x00000000000003cc       0x38 /opt/riscv/lib/gcc/riscv32-unknown-elf/12.2.0/libgcc.a(extendsfdf2.o)
 .debug_frame   0x0000000000000404       0x20 /opt/riscv/lib/gcc/riscv32-unknown-elf/12.2.0/libgcc.a(_ashldi3.o)
 .debug_frame   0x0000000000000424       0x20 /opt/riscv/lib/gcc/riscv32-unknown-elf/12.2.0/libgcc.a(_clzsi2.o)
